Copyright 1986-2018 Xilinx, Inc. All Rights Reserved.
-------------------------------------------------------------------------------------------
| Tool Version : Vivado v.2018.3 (win64) Build 2405991 Thu Dec  6 23:38:27 MST 2018
| Date         : Sat Aug  1 12:11:45 2020
| Host         : LAPTOP-7CVIAM7Q running 64-bit major release  (build 9200)
| Command      : report_control_sets -verbose -file system_wrapper_control_sets_placed.rpt
| Design       : system_wrapper
| Device       : xc7s15
-------------------------------------------------------------------------------------------

Control Set Information

Table of Contents
-----------------
1. Summary
2. Histogram
3. Flip-Flop Distribution
4. Detailed Control Set Information

1. Summary
----------

+----------------------------------------------------------+-------+
|                          Status                          | Count |
+----------------------------------------------------------+-------+
| Number of unique control sets                            |   127 |
| Unused register locations in slices containing registers |   388 |
+----------------------------------------------------------+-------+


2. Histogram
------------

+--------+--------------+
| Fanout | Control Sets |
+--------+--------------+
|      1 |           10 |
|      2 |            3 |
|      3 |            1 |
|      4 |           15 |
|      5 |            7 |
|      6 |            9 |
|      7 |            2 |
|      8 |           18 |
|     10 |            5 |
|     11 |           13 |
|     12 |            3 |
|     13 |            2 |
|    16+ |           39 |
+--------+--------------+


3. Flip-Flop Distribution
-------------------------

+--------------+-----------------------+------------------------+-----------------+--------------+
| Clock Enable | Synchronous Set/Reset | Asynchronous Set/Reset | Total Registers | Total Slices |
+--------------+-----------------------+------------------------+-----------------+--------------+
| No           | No                    | No                     |             582 |          197 |
| No           | No                    | Yes                    |              29 |            7 |
| No           | Yes                   | No                     |             435 |          169 |
| Yes          | No                    | No                     |             470 |          131 |
| Yes          | No                    | Yes                    |              15 |            8 |
| Yes          | Yes                   | No                     |             929 |          280 |
+--------------+-----------------------+------------------------+-----------------+--------------+


4. Detailed Control Set Information
-----------------------------------

+--------------------------------------------------------------+----------------------------------------------------------------------------------------------------------------------------------------------------------------------------------------------------------+----------------------------------------------------------------------------------------------------------------------------------------------+------------------+----------------+
|                         Clock Signal                         |                                                                                               Enable Signal                                                                                              |                                                               Set/Reset Signal                                                               | Slice Load Count | Bel Load Count |
+--------------------------------------------------------------+----------------------------------------------------------------------------------------------------------------------------------------------------------------------------------------------------------+----------------------------------------------------------------------------------------------------------------------------------------------+------------------+----------------+
|  system_i/csi2_d_phy_rx_0/U0/clock_system_inst/pclk          |                                                                                                                                                                                                          |                                                                                                                                              |                1 |              1 |
|  system_i/mdm_1/U0/Use_E2.BSCAN_I/Dbg_Update_0               | system_i/microblaze_0/U0/MicroBlaze_Core_I/Performance.Core/Use_Debug_Logic.Master_Core.Debug_Perf/Control_Reg_En                                                                                        | system_i/microblaze_0/U0/MicroBlaze_Core_I/Performance.Core/Use_Debug_Logic.Master_Core.Debug_Perf/Serial_Dbg_Intf.force_stop_cmd_i_reg_0    |                1 |              1 |
|  system_i/mdm_1/U0/Use_E2.BSCAN_I/Dbg_Update_0               | system_i/microblaze_0/U0/MicroBlaze_Core_I/Performance.Core/Use_Debug_Logic.Master_Core.Debug_Perf/Control_Reg_En                                                                                        | system_i/microblaze_0/U0/MicroBlaze_Core_I/Performance.Core/Use_Debug_Logic.Master_Core.Debug_Perf/Serial_Dbg_Intf.normal_stop_cmd_i_reg_n_0 |                1 |              1 |
| ~system_i/mdm_1/U0/No_Dbg_Reg_Access.BUFG_DRCK/Ext_JTAG_DRCK | system_i/mdm_1/U0/MDM_Core_I1/JTAG_CONTROL_I/Use_BSCAN.FDC_I/CE                                                                                                                                          | system_i/mdm_1/U0/MDM_Core_I1/JTAG_CONTROL_I/Use_BSCAN.FDC_I/D_1                                                                             |                1 |              1 |
| ~system_i/mdm_1/U0/Use_E2.BSCAN_I/Dbg_Update_0               |                                                                                                                                                                                                          | system_i/mdm_1/U0/MDM_Core_I1/JTAG_CONTROL_I/sel_n                                                                                           |                1 |              1 |
|  system_i/clk_wiz_0/inst/clk_out1                            | system_i/axi_iic_0/U0/X_IIC/REG_INTERFACE_I/p_3_in                                                                                                                                                       | system_i/axi_iic_0/U0/X_IIC/REG_INTERFACE_I/Tx_fifo_rst                                                                                      |                1 |              1 |
|  system_i/mdm_1/U0/Use_E2.BSCAN_I/Dbg_Update_0               | system_i/microblaze_0/U0/MicroBlaze_Core_I/Performance.Core/Use_Debug_Logic.Master_Core.Debug_Perf/Control_Reg_En                                                                                        | system_i/microblaze_0/U0/MicroBlaze_Core_I/Performance.Core/Use_Debug_Logic.Master_Core.Debug_Perf/Serial_Dbg_Intf.continue_from_brk_reg_n_0 |                1 |              1 |
|  system_i/clk_wiz_0/inst/clk_out1                            |                                                                                                                                                                                                          | system_i/microblaze_0/U0/MicroBlaze_Core_I/Performance.Core/Use_Debug_Logic.Master_Core.Debug_Perf/capture_1                                 |                1 |              1 |
|  system_i/mdm_1/U0/Use_E2.BSCAN_I/Dbg_Update_0               | system_i/microblaze_0/U0/MicroBlaze_Core_I/Performance.Core/Use_Debug_Logic.Master_Core.Debug_Perf/Control_Reg_En                                                                                        | system_i/microblaze_0/U0/MicroBlaze_Core_I/Performance.Core/Use_Debug_Logic.Master_Core.Debug_Perf/start_single_step_reg_n_0                 |                1 |              1 |
|  system_i/mdm_1/U0/No_Dbg_Reg_Access.BUFG_DRCK/Ext_JTAG_DRCK | system_i/mdm_1/U0/Use_E2.BSCAN_I/Use_BSCAN.PORT_Selector_reg[0]                                                                                                                                          | system_i/mdm_1/U0/MDM_Core_I1/JTAG_CONTROL_I/sel_with_scan_reset19_out                                                                       |                1 |              1 |
|  system_i/clk_wiz_0/inst/clk_out1                            | system_i/axi_iic_0/U0/X_IIC/WRITE_FIFO_CTRL_I/CI                                                                                                                                                         |                                                                                                                                              |                1 |              2 |
|  system_i/clk_wiz_0/inst/clk_out1                            | system_i/microblaze_0/U0/MicroBlaze_Core_I/Performance.Core/Decode_I/Use_MuxCy[11].OF_Piperun_Stage/MUXCY_I/of_pause_reg                                                                                 |                                                                                                                                              |                1 |              2 |
|  system_i/mdm_1/U0/Use_E2.BSCAN_I/Dbg_Update_0               | system_i/microblaze_0/U0/MicroBlaze_Core_I/Performance.Core/Use_Debug_Logic.Master_Core.Debug_Perf/Command_Reg_En                                                                                        | system_i/microblaze_0/U0/MicroBlaze_Core_I/Performance.Core/Use_Debug_Logic.Master_Core.Debug_Perf/command_reg_clear                         |                1 |              2 |
|  system_i/mdm_1/U0/Use_E2.BSCAN_I/Dbg_Update_0               |                                                                                                                                                                                                          |                                                                                                                                              |                1 |              3 |
|  system_i/clk_wiz_0/inst/clk_out1                            | system_i/axi_iic_0/U0/X_IIC/READ_FIFO_I/Rc_Data_Exists                                                                                                                                                   | system_i/axi_iic_0/U0/X_IIC/X_AXI_IPIF_SSP1/X_SOFT_RESET/SR[0]                                                                               |                1 |              4 |
|  system_i/clk_wiz_0/inst/clk_out1                            | system_i/axi_iic_0/U0/X_IIC/IIC_CONTROL_I/FSM_sequential_scl_state[3]_i_2_n_0                                                                                                                            | system_i/axi_iic_0/U0/X_IIC/REG_INTERFACE_I/cr_i_reg[7]_0                                                                                    |                3 |              4 |
|  system_i/clk_wiz_0/inst/clk_out1                            | system_i/axi_uartlite_0/U0/AXI_LITE_IPIF_I/I_SLAVE_ATTACHMENT/start2                                                                                                                                     | system_i/axi_uartlite_0/U0/AXI_LITE_IPIF_I/I_SLAVE_ATTACHMENT/I_DECODER/cs_ce_clr                                                            |                1 |              4 |
|  system_i/clk_wiz_0/inst/clk_out1                            | system_i/axi_iic_0/U0/X_IIC/WRITE_FIFO_I/Tx_data_exists                                                                                                                                                  | system_i/axi_iic_0/U0/X_IIC/REG_INTERFACE_I/Tx_fifo_rst                                                                                      |                1 |              4 |
|  system_i/clk_wiz_1/inst/clk_out1                            | system_i/digital_recognition_0/inst/y_in00                                                                                                                                                               | system_i/digital_recognition_0/inst/y_in1_i_1_n_0                                                                                            |                1 |              4 |
|  system_i/clk_wiz_0/inst/clk_out1                            | system_i/axi_iic_0/U0/X_IIC/X_AXI_IPIF_SSP1/AXI_LITE_IPIF_I/I_SLAVE_ATTACHMENT/I_DECODER/Bus2IIC_WrCE[8]                                                                                                 | system_i/axi_iic_0/U0/X_IIC/X_AXI_IPIF_SSP1/X_SOFT_RESET/SR[0]                                                                               |                1 |              4 |
|  system_i/clk_wiz_0/inst/clk_out1                            | system_i/axi_iic_0/U0/X_IIC/IIC_CONTROL_I/BITCNT/q_int[0]_i_1__0_n_0                                                                                                                                     | system_i/axi_iic_0/U0/X_IIC/REG_INTERFACE_I/cr_i_reg[7]_0                                                                                    |                1 |              4 |
|  system_i/clk_wiz_0/inst/clk_out1                            | system_i/axi_iic_0/U0/X_IIC/WRITE_FIFO_CTRL_I/Data_Exists_DFF_0                                                                                                                                          | system_i/axi_iic_0/U0/X_IIC/REG_INTERFACE_I/Tx_fifo_rst                                                                                      |                1 |              4 |
| ~system_i/mdm_1/U0/Use_E2.BSCAN_I/Dbg_Update_0               |                                                                                                                                                                                                          | system_i/mdm_1/U0/Use_E2.BSCAN_I/AR[0]                                                                                                       |                1 |              4 |
|  system_i/mdm_1/U0/No_Dbg_Reg_Access.BUFG_DRCK/Ext_JTAG_DRCK | system_i/mdm_1/U0/MDM_Core_I1/p_3_out                                                                                                                                                                    | system_i/mdm_1/U0/Use_E2.BSCAN_I/AR[0]                                                                                                       |                1 |              4 |
|  system_i/clk_wiz_0/inst/clk_out1                            |                                                                                                                                                                                                          | system_i/axi_iic_0/U0/X_IIC/X_AXI_IPIF_SSP1/AXI_LITE_IPIF_I/I_SLAVE_ATTACHMENT/INCLUDE_DPHASE_TIMER.dpto_cnt[3]_i_1_n_0                      |                1 |              4 |
|  system_i/clk_wiz_0/inst/clk_out1                            | system_i/axi_uartlite_0/U0/UARTLITE_CORE_I/BAUD_RATE_I/p_2_out[0]                                                                                                                                        |                                                                                                                                              |                1 |              4 |
|  system_i/mdm_1/U0/Use_E2.BSCAN_I/Dbg_Update_0               | system_i/microblaze_0/U0/MicroBlaze_Core_I/Performance.Core/Use_Debug_Logic.Master_Core.Debug_Perf/Control_Reg_En                                                                                        |                                                                                                                                              |                1 |              4 |
|  system_i/mdm_1/U0/Use_E2.BSCAN_I/Dbg_Update_0               | system_i/mdm_1/U0/MDM_Core_I1/MDM_SEL                                                                                                                                                                    | system_i/mdm_1/U0/Use_E2.BSCAN_I/AR[0]                                                                                                       |                1 |              4 |
|  system_i/clk_wiz_1/inst/clk_out1                            |                                                                                                                                                                                                          | system_i/digital_recognition_0/inst/y_in1_i_1_n_0                                                                                            |                1 |              4 |
|  system_i/clk_wiz_0/inst/clk_out1                            | system_i/csi2_d_phy_rx_0/U0/clock_system_inst/curr_delay                                                                                                                                                 |                                                                                                                                              |                2 |              5 |
|  system_i/clk_wiz_0/inst/clk_out1                            | system_i/microblaze_0/U0/MicroBlaze_Core_I/Performance.Core/Decode_I/wb_Halted                                                                                                                           | system_i/microblaze_0/U0/MicroBlaze_Core_I/sync_reset                                                                                        |                1 |              5 |
|  system_i/clk_wiz_0/inst/clk_out1                            | system_i/csi2_d_phy_rx_0/U0/clock_system_inst/start_dly_1                                                                                                                                                |                                                                                                                                              |                1 |              5 |
|  system_i/clk_wiz_0/inst/clk_out1                            | system_i/csi2_d_phy_rx_0/U0/clock_system_inst/end_dly_0                                                                                                                                                  |                                                                                                                                              |                1 |              5 |
|  system_i/clk_wiz_0/inst/clk_out1                            |                                                                                                                                                                                                          | system_i/rst_clk_wiz_0_200M/U0/EXT_LPF/lpf_int                                                                                               |                2 |              5 |
|  system_i/clk_wiz_0/inst/clk_out1                            | system_i/csi2_d_phy_rx_0/U0/clock_system_inst/sum_dly                                                                                                                                                    |                                                                                                                                              |                2 |              5 |
|  system_i/clk_wiz_0/inst/clk_out1                            | system_i/axi_iic_0/U0/X_IIC/X_AXI_IPIF_SSP1/AXI_LITE_IPIF_I/I_SLAVE_ATTACHMENT/I_DECODER/Bus2IIC_WrCE[11]                                                                                                | system_i/axi_iic_0/U0/X_IIC/X_AXI_IPIF_SSP1/X_SOFT_RESET/SR[0]                                                                               |                2 |              5 |
|  system_i/clk_wiz_0/inst/clk_out1                            | system_i/rst_clk_wiz_0_200M/U0/SEQ/seq_cnt_en                                                                                                                                                            | system_i/rst_clk_wiz_0_200M/U0/SEQ/SEQ_COUNTER/clear                                                                                         |                1 |              6 |
|  system_i/clk_wiz_0/inst/clk_out1                            | system_i/microblaze_0_axi_periph/xbar/inst/gen_sasd.crossbar_sasd_0/reg_slice_r/aa_rready                                                                                                                |                                                                                                                                              |                1 |              6 |
|  system_i/clk_wiz_0/inst/clk_out1                            |                                                                                                                                                                                                          | system_i/axi_iic_0/U0/X_IIC/REG_INTERFACE_I/Tx_fifo_rst                                                                                      |                3 |              6 |
|  system_i/clk_wiz_0/inst/clk_out1                            |                                                                                                                                                                                                          | system_i/axi_uartlite_0/U0/UARTLITE_CORE_I/UARTLITE_TX_I/SRL_FIFO_I/I_SRL_FIFO_RBU_F/CNTR_INCR_DECR_ADDN_F_I/SS[0]                           |                3 |              6 |
|  system_i/clk_wiz_0/inst/clk_out1                            |                                                                                                                                                                                                          | system_i/axi_uartlite_0/U0/UARTLITE_CORE_I/UARTLITE_RX_I/SRL_FIFO_I/I_SRL_FIFO_RBU_F/CNTR_INCR_DECR_ADDN_F_I/SS[0]                           |                2 |              6 |
|  system_i/mdm_1/U0/No_Dbg_Reg_Access.BUFG_DRCK/Ext_JTAG_DRCK | system_i/mdm_1/U0/MDM_Core_I1/JTAG_CONTROL_I/Use_BSCAN.FDC_I/Use_BSCAN.command_reg[5][0]                                                                                                                 |                                                                                                                                              |                1 |              6 |
|  system_i/clk_wiz_0/inst/clk_out1                            |                                                                                                                                                                                                          | system_i/axi_iic_0/U0/X_IIC/X_AXI_IPIF_SSP1/X_SOFT_RESET/AXI_Bus2IP_Reset                                                                    |                1 |              6 |
|  system_i/mdm_1/U0/No_Dbg_Reg_Access.BUFG_DRCK/Ext_JTAG_DRCK | system_i/mdm_1/U0/Use_E2.BSCAN_I/Use_BSCAN.command_reg[5][0]                                                                                                                                             |                                                                                                                                              |                2 |              6 |
|  system_i/mdm_1/U0/No_Dbg_Reg_Access.BUFG_DRCK/Ext_JTAG_DRCK | system_i/mdm_1/U0/Use_E2.BSCAN_I/E[0]                                                                                                                                                                    |                                                                                                                                              |                2 |              6 |
|  system_i/clk_wiz_0/inst/clk_out1                            | system_i/axi_uartlite_0/U0/UARTLITE_CORE_I/BAUD_RATE_I/p_2_out[0]                                                                                                                                        | system_i/axi_uartlite_0/U0/UARTLITE_CORE_I/UARTLITE_RX_I/SERIAL_TO_PARALLEL[8].fifo_din[8]_i_1_n_0                                           |                2 |              7 |
|  system_i/clk_wiz_0/inst/clk_out1                            | system_i/axi_iic_0/U0/X_IIC/X_AXI_IPIF_SSP1/AXI_LITE_IPIF_I/I_SLAVE_ATTACHMENT/I_DECODER/Bus2IIC_WrCE[9]                                                                                                 | system_i/axi_iic_0/U0/X_IIC/X_AXI_IPIF_SSP1/X_SOFT_RESET/SR[0]                                                                               |                2 |              7 |
|  system_i/clk_wiz_0/inst/clk_out1                            | system_i/axi_uartlite_0/U0/AXI_LITE_IPIF_I/I_SLAVE_ATTACHMENT/s_axi_rresp_i                                                                                                                              | system_i/axi_uartlite_0/U0/AXI_LITE_IPIF_I/I_SLAVE_ATTACHMENT/rst                                                                            |                4 |              8 |
|  system_i/csi2_d_phy_rx_0/U0/clock_system_inst/CLK           | system_i/csi_to_axis_0/U0/lane_align_inst/to_cnt[0]_2                                                                                                                                                    | system_i/csi_to_axis_0/U0/lane_align_inst/p_5_out[0]                                                                                         |                2 |              8 |
|  system_i/csi2_d_phy_rx_0/U0/clock_system_inst/CLK           | system_i/csi_to_axis_0/U0/lane_align_inst/data_shift[1]_0                                                                                                                                                |                                                                                                                                              |                4 |              8 |
|  system_i/csi2_d_phy_rx_0/U0/clock_system_inst/CLK           | system_i/csi_to_axis_0/U0/lane_align_inst/to_cnt[1]_1                                                                                                                                                    | system_i/csi_to_axis_0/U0/lane_align_inst/p_5_out[1]                                                                                         |                2 |              8 |
|  system_i/clk_wiz_0/inst/clk_out1                            | system_i/axi_uartlite_0/U0/UARTLITE_CORE_I/UARTLITE_RX_I/SRL_FIFO_I/I_SRL_FIFO_RBU_F/DYNSHREG_F_I/fifo_wr                                                                                                |                                                                                                                                              |                1 |              8 |
|  system_i/mdm_1/U0/No_Dbg_Reg_Access.BUFG_DRCK/Ext_JTAG_DRCK | system_i/mdm_1/U0/MDM_Core_I1/JTAG_CONTROL_I/tdi_shifter0                                                                                                                                                |                                                                                                                                              |                2 |              8 |
|  system_i/mdm_1/U0/No_Dbg_Reg_Access.BUFG_DRCK/Ext_JTAG_DRCK | system_i/microblaze_0/U0/MicroBlaze_Core_I/Performance.Core/Use_Debug_Logic.Master_Core.Debug_Perf/Using_PC_Breakpoints.All_PC_Brks[0].Serial_Interface_1.address_hit_I/Compare[0].SRLC16E_I/which_pc__0 |                                                                                                                                              |                7 |              8 |
|  system_i/csi2_d_phy_rx_0/U0/clock_system_inst/CLK           | system_i/csi_to_axis_0/U0/parser_inst/packet_size[15]                                                                                                                                                    |                                                                                                                                              |                3 |              8 |
|  system_i/mdm_1/U0/Use_E2.BSCAN_I/Dbg_Update_0               | system_i/mdm_1/U0/MDM_Core_I1/JTAG_CONTROL_I/Use_BSCAN.FDC_I/Use_BSCAN.PORT_Selector_reg[2][0]                                                                                                           |                                                                                                                                              |                1 |              8 |
|  system_i/clk_wiz_0/inst/clk_out1                            | system_i/axi_iic_0/U0/X_IIC/WRITE_FIFO_I/CI                                                                                                                                                              |                                                                                                                                              |                1 |              8 |
|  system_i/clk_wiz_0/inst/clk_out1                            | system_i/axi_iic_0/U0/X_IIC/X_AXI_IPIF_SSP1/AXI_LITE_IPIF_I/I_SLAVE_ATTACHMENT/I_DECODER/E[0]                                                                                                            | system_i/axi_iic_0/U0/X_IIC/X_AXI_IPIF_SSP1/X_SOFT_RESET/SR[0]                                                                               |                2 |              8 |
|  system_i/clk_wiz_0/inst/clk_out1                            | system_i/axi_iic_0/U0/X_IIC/IIC_CONTROL_I/data_i2c_i0                                                                                                                                                    | system_i/axi_iic_0/U0/X_IIC/REG_INTERFACE_I/cr_i_reg[7]_0                                                                                    |                1 |              8 |
|  system_i/clk_wiz_0/inst/clk_out1                            | system_i/axi_iic_0/U0/X_IIC/IIC_CONTROL_I/i2c_header_en                                                                                                                                                  | system_i/axi_iic_0/U0/X_IIC/REG_INTERFACE_I/cr_i_reg[7]_0                                                                                    |                1 |              8 |
|  system_i/clk_wiz_0/inst/clk_out1                            | system_i/axi_iic_0/U0/X_IIC/READ_FIFO_I/CI                                                                                                                                                               |                                                                                                                                              |                1 |              8 |
|  system_i/clk_wiz_0/inst/clk_out1                            | system_i/axi_iic_0/U0/X_IIC/DYN_MASTER_I/rdByteCntr[0]_i_1_n_0                                                                                                                                           | system_i/axi_iic_0/U0/X_IIC/REG_INTERFACE_I/Tx_fifo_rst                                                                                      |                4 |              8 |
|  system_i/clk_wiz_0/inst/clk_out1                            | system_i/axi_iic_0/U0/X_IIC/IIC_CONTROL_I/I2CDATA_REG/data_int[7]_i_1_n_0                                                                                                                                | system_i/axi_iic_0/U0/X_IIC/REG_INTERFACE_I/cr_i_reg[7]_0                                                                                    |                2 |              8 |
| ~system_i/mdm_1/U0/Use_E2.BSCAN_I/Dbg_Update_0               | system_i/mdm_1/U0/MDM_Core_I1/JTAG_CONTROL_I/Use_BSCAN.command[0]_i_1_n_0                                                                                                                                |                                                                                                                                              |                3 |              8 |
|  system_i/clk_wiz_0/inst/clk_out1                            | system_i/axi_uartlite_0/U0/AXI_LITE_IPIF_I/I_SLAVE_ATTACHMENT/I_DECODER/fifo_wr                                                                                                                          |                                                                                                                                              |                1 |              8 |
|  system_i/csi2_d_phy_rx_0/U0/clock_system_inst/CLK           | system_i/csi_to_axis_0/U0/parser_inst/m_axis_tvalid                                                                                                                                                      | system_i/csi2dvp_0/inst/valid_neg                                                                                                            |                2 |             10 |
|  system_i/clk_wiz_0/inst/clk_out1                            |                                                                                                                                                                                                          | system_i/axi_uartlite_0/U0/AXI_LITE_IPIF_I/I_SLAVE_ATTACHMENT/rst                                                                            |                3 |             10 |
|  system_i/mdm_1/U0/No_Dbg_Reg_Access.BUFG_DRCK/Ext_JTAG_DRCK | system_i/mdm_1/U0/MDM_Core_I1/JTAG_CONTROL_I/Use_BSCAN.FDC_I/E[0]                                                                                                                                        |                                                                                                                                              |                4 |             10 |
|  system_i/clk_wiz_0/inst/clk_out1                            | system_i/axi_iic_0/U0/X_IIC/X_AXI_IPIF_SSP1/AXI_LITE_IPIF_I/I_SLAVE_ATTACHMENT/bus2ip_addr_i[8]_i_1_n_0                                                                                                  | system_i/axi_iic_0/U0/X_IIC/X_AXI_IPIF_SSP1/AXI_LITE_IPIF_I/I_SLAVE_ATTACHMENT/rst                                                           |                2 |             10 |
|  system_i/clk_wiz_1/inst/clk_out1                            |                                                                                                                                                                                                          | system_i/rgb2dvi_0/U0/DataEncoders[0].DataEncoder/pDataOutRaw[9]_i_1__1_n_0                                                                  |                3 |             10 |
|  system_i/clk_wiz_1/inst/clk_out1                            | system_i/csi2dvp_0/inst/vdata[10]_i_1_n_0                                                                                                                                                                | system_i/csi2dvp_0/inst/frame_start_pos                                                                                                      |                4 |             11 |
|  system_i/clk_wiz_0/inst/clk_out1                            | system_i/axi_iic_0/U0/X_IIC/IIC_CONTROL_I/SETUP_CNT/q_int[0]_i_1_n_0                                                                                                                                     | system_i/axi_iic_0/U0/X_IIC/REG_INTERFACE_I/cr_i_reg[7]_0                                                                                    |                3 |             11 |
|  system_i/clk_wiz_0/inst/clk_out1                            | system_i/axi_iic_0/U0/X_IIC/IIC_CONTROL_I/CLKCNT/q_int[0]_i_1__1_n_0                                                                                                                                     | system_i/axi_iic_0/U0/X_IIC/REG_INTERFACE_I/cr_i_reg[7]_0                                                                                    |                5 |             11 |
|  system_i/clk_wiz_0/inst/clk_out1                            | system_i/axi_iic_0/U0/X_IIC/X_AXI_IPIF_SSP1/AXI_LITE_IPIF_I/I_SLAVE_ATTACHMENT/I_DECODER/Bus2IIC_WrCE[3]                                                                                                 | system_i/axi_iic_0/U0/X_IIC/X_AXI_IPIF_SSP1/X_SOFT_RESET/SR[0]                                                                               |                3 |             11 |
|  system_i/clk_wiz_1/inst/clk_out1                            | system_i/bayer2rgb_0/inst/addra[10]_i_2_n_0                                                                                                                                                              | system_i/bayer2rgb_0/inst/addra[10]_i_1_n_0                                                                                                  |                2 |             11 |
|  system_i/clk_wiz_0/inst/clk_out1                            |                                                                                                                                                                                                          | system_i/axi_iic_0/U0/X_IIC/X_AXI_IPIF_SSP1/AXI_LITE_IPIF_I/I_SLAVE_ATTACHMENT/rst                                                           |                4 |             11 |
|  system_i/clk_wiz_0/inst/clk_out1                            | system_i/axi_iic_0/U0/X_IIC/X_AXI_IPIF_SSP1/AXI_LITE_IPIF_I/I_SLAVE_ATTACHMENT/I_DECODER/Bus2IIC_WrCE[7]                                                                                                 | system_i/axi_iic_0/U0/X_IIC/X_AXI_IPIF_SSP1/X_SOFT_RESET/SR[0]                                                                               |                3 |             11 |
|  system_i/clk_wiz_0/inst/clk_out1                            | system_i/axi_iic_0/U0/X_IIC/X_AXI_IPIF_SSP1/AXI_LITE_IPIF_I/I_SLAVE_ATTACHMENT/I_DECODER/Bus2IIC_WrCE[4]                                                                                                 | system_i/axi_iic_0/U0/X_IIC/X_AXI_IPIF_SSP1/X_SOFT_RESET/SR[0]                                                                               |                5 |             11 |
|  system_i/clk_wiz_0/inst/clk_out1                            | system_i/axi_iic_0/U0/X_IIC/X_AXI_IPIF_SSP1/AXI_LITE_IPIF_I/I_SLAVE_ATTACHMENT/I_DECODER/Bus2IIC_WrCE[1]                                                                                                 | system_i/axi_iic_0/U0/X_IIC/X_AXI_IPIF_SSP1/X_SOFT_RESET/SR[0]                                                                               |                4 |             11 |
|  system_i/clk_wiz_0/inst/clk_out1                            | system_i/axi_iic_0/U0/X_IIC/X_AXI_IPIF_SSP1/AXI_LITE_IPIF_I/I_SLAVE_ATTACHMENT/I_DECODER/Bus2IIC_WrCE[6]                                                                                                 | system_i/axi_iic_0/U0/X_IIC/X_AXI_IPIF_SSP1/X_SOFT_RESET/SR[0]                                                                               |                4 |             11 |
|  system_i/clk_wiz_0/inst/clk_out1                            | system_i/axi_iic_0/U0/X_IIC/X_AXI_IPIF_SSP1/AXI_LITE_IPIF_I/I_SLAVE_ATTACHMENT/I_DECODER/Bus2IIC_WrCE[5]                                                                                                 | system_i/axi_iic_0/U0/X_IIC/X_AXI_IPIF_SSP1/X_SOFT_RESET/SR[0]                                                                               |                2 |             11 |
|  system_i/clk_wiz_0/inst/clk_out1                            | system_i/axi_iic_0/U0/X_IIC/X_AXI_IPIF_SSP1/AXI_LITE_IPIF_I/I_SLAVE_ATTACHMENT/I_DECODER/Bus2IIC_WrCE[2]                                                                                                 | system_i/axi_iic_0/U0/X_IIC/X_AXI_IPIF_SSP1/X_SOFT_RESET/SR[0]                                                                               |                3 |             11 |
|  system_i/clk_wiz_0/inst/clk_out1                            | system_i/axi_iic_0/U0/X_IIC/X_AXI_IPIF_SSP1/AXI_LITE_IPIF_I/I_SLAVE_ATTACHMENT/I_DECODER/Bus2IIC_WrCE[0]                                                                                                 | system_i/axi_iic_0/U0/X_IIC/X_AXI_IPIF_SSP1/X_SOFT_RESET/SR[0]                                                                               |                5 |             11 |
|  system_i/clk_wiz_0/inst/clk_out1                            |                                                                                                                                                                                                          | system_i/microblaze_0_axi_periph/xbar/inst/gen_sasd.crossbar_sasd_0/addr_arbiter_inst/SR[0]                                                  |                5 |             12 |
|  system_i/clk_wiz_0/inst/clk_out1                            | system_i/axi_iic_0/U0/X_IIC/X_AXI_IPIF_SSP1/AXI_LITE_IPIF_I/I_SLAVE_ATTACHMENT/s_axi_rresp_i                                                                                                             | system_i/axi_iic_0/U0/X_IIC/X_AXI_IPIF_SSP1/AXI_LITE_IPIF_I/I_SLAVE_ATTACHMENT/rst                                                           |                5 |             12 |
|  system_i/clk_wiz_1/inst/clk_out1                            |                                                                                                                                                                                                          | system_i/csi2dvp_0/inst/frame_start_pos                                                                                                      |                4 |             12 |
|  system_i/clk_wiz_0/inst/clk_out1                            | system_i/csi2_d_phy_rx_0/U0/clock_system_inst/wait_cnt                                                                                                                                                   | system_i/csi2_d_phy_rx_0/U0/clock_system_inst/dly_gen.wait_cnt[12]_i_1_n_0                                                                   |                4 |             13 |
|  system_i/clk_wiz_1/inst/clk_out1                            | system_i/csi2dvp_0/inst/vid_active_video                                                                                                                                                                 | system_i/csi2dvp_0/inst/unpack_cnt                                                                                                           |                4 |             13 |
|  system_i/csi2_d_phy_rx_0/U0/clock_system_inst/CLK           | system_i/csi_to_axis_0/U0/parser_inst/transfer_cnt[15]_i_2_n_0                                                                                                                                           | system_i/csi_to_axis_0/U0/parser_inst/transfer_cnt[15]_i_1_n_0                                                                               |                4 |             16 |
|  system_i/csi2_d_phy_rx_0/U0/clock_system_inst/CLK           | system_i/csi_to_axis_0/U0/parser_inst/packet_size[7]                                                                                                                                                     |                                                                                                                                              |                4 |             16 |
|  system_i/clk_wiz_0/inst/clk_out1                            | system_i/microblaze_0/U0/MicroBlaze_Core_I/Performance.Core/Decode_I/PreFetch_Buffer_I1/Instruction_Prefetch_Mux[4].Gen_Instr_DFF/Using_FPGA.Native_2[0]                                                 | system_i/microblaze_0/U0/MicroBlaze_Core_I/sync_reset                                                                                        |                6 |             16 |
| ~system_i/csi2_d_phy_rx_0/U0/clock_system_inst/CLK           |                                                                                                                                                                                                          |                                                                                                                                              |                4 |             17 |
|  system_i/clk_wiz_0/inst/clk_out1                            |                                                                                                                                                                                                          | system_i/csi2_d_phy_rx_0/U0/clock_system_inst/dly_gen.acc_cnt[19]_i_1_n_0                                                                    |                6 |             20 |
|  system_i/clk_wiz_0/inst/clk_out1                            | system_i/csi2_d_phy_rx_0/U0/clock_system_inst/dly_gen.acc_val[0]_i_1_n_0                                                                                                                                 | system_i/csi2_d_phy_rx_0/U0/clock_system_inst/dly_gen.acc_cnt[19]_i_1_n_0                                                                    |                5 |             20 |
|  system_i/clk_wiz_0/inst/clk_out1                            | system_i/microblaze_0/U0/MicroBlaze_Core_I/Performance.Core/Decode_I/mem_wait_on_ready_N_carry_or/MUXCY_I/lopt_1                                                                                         | system_i/microblaze_0/U0/MicroBlaze_Core_I/sync_reset                                                                                        |                7 |             20 |
|  system_i/clk_wiz_0/inst/clk_out1                            | system_i/csi2_d_phy_rx_0/U0/clock_system_inst/dly_gen.acc_cnt[19]_i_1_n_0                                                                                                                                |                                                                                                                                              |                5 |             20 |
|  system_i/mdm_1/U0/No_Dbg_Reg_Access.BUFG_DRCK/Ext_JTAG_DRCK |                                                                                                                                                                                                          | system_i/mdm_1/U0/Use_E2.BSCAN_I/shift_n_reset1_out                                                                                          |                4 |             23 |
|  system_i/clk_wiz_0/inst/clk_out1                            | system_i/microblaze_0_axi_periph/xbar/inst/gen_sasd.crossbar_sasd_0/addr_arbiter_inst/s_axi_rvalid[0]                                                                                                    | system_i/microblaze_0/U0/MicroBlaze_Core_I/sync_reset                                                                                        |                5 |             23 |
|  system_i/clk_wiz_0/inst/clk_out1                            | system_i/microblaze_0_axi_periph/xbar/inst/gen_sasd.crossbar_sasd_0/addr_arbiter_inst/E[0]                                                                                                               |                                                                                                                                              |                4 |             24 |
|  system_i/clk_wiz_0/inst/clk_out1                            | system_i/axi_iic_0/U0/X_IIC/X_AXI_IPIF_SSP1/AXI_LITE_IPIF_I/I_SLAVE_ATTACHMENT/start2                                                                                                                    | system_i/axi_iic_0/U0/X_IIC/X_AXI_IPIF_SSP1/AXI_LITE_IPIF_I/I_SLAVE_ATTACHMENT/I_DECODER/cs_ce_clr                                           |                6 |             24 |
|  system_i/clk_wiz_1/inst/clk_out1                            | system_i/bayer2rgb_0/inst/color_r[9]_i_1_n_0                                                                                                                                                             |                                                                                                                                              |                9 |             24 |
|  system_i/clk_wiz_0/inst/clk_out1                            | system_i/microblaze_0_axi_periph/xbar/inst/gen_sasd.crossbar_sasd_0/addr_arbiter_inst/p_0_in1_in                                                                                                         | system_i/microblaze_0_axi_periph/xbar/inst/gen_sasd.crossbar_sasd_0/addr_arbiter_inst/SR[0]                                                  |                5 |             25 |
|  system_i/clk_wiz_0/inst/clk_out1                            |                                                                                                                                                                                                          | system_i/axi_uartlite_0/U0/UARTLITE_CORE_I/UARTLITE_RX_I/s_axi_aresetn_0                                                                     |                8 |             27 |
|  system_i/clk_wiz_0/inst/clk_out1                            | system_i/axi_uartlite_0/U0/UARTLITE_CORE_I/BAUD_RATE_I/p_2_out[0]                                                                                                                                        | system_i/axi_uartlite_0/U0/UARTLITE_CORE_I/UARTLITE_RX_I/s_axi_aresetn_0                                                                     |                4 |             28 |
|  system_i/clk_wiz_1/inst/clk_out1                            |                                                                                                                                                                                                          | system_i/rgb2dvi_0/U0/DataEncoders[0].DataEncoder/SR[0]                                                                                      |               16 |             32 |
|  system_i/clk_wiz_0/inst/clk_out1                            | system_i/microblaze_0/U0/MicroBlaze_Core_I/Performance.Core/Use_Debug_Logic.Master_Core.Debug_Perf/data_rd_reg[0]_i_1_n_0                                                                                | system_i/microblaze_0/U0/MicroBlaze_Core_I/sync_reset                                                                                        |               11 |             32 |
|  system_i/clk_wiz_0/inst/clk_out1                            | system_i/microblaze_0/U0/MicroBlaze_Core_I/Performance.Core/Decode_I/mem_wait_on_ready_N_carry_or/MUXCY_I/lopt_1                                                                                         | system_i/microblaze_0/U0/MicroBlaze_Core_I/Performance.Core/Decode_I/SR[0]                                                                   |               11 |             32 |
|  system_i/clk_wiz_0/inst/clk_out1                            | system_i/microblaze_0/U0/MicroBlaze_Core_I/Performance.Core/Decode_I/mem_wait_on_ready_N_carry_or/MUXCY_I/lopt_1                                                                                         |                                                                                                                                              |                5 |             32 |
|  system_i/clk_wiz_0/inst/clk_out1                            | system_i/microblaze_0/U0/MicroBlaze_Core_I/Performance.Core/Decode_I/Use_MuxCy[3].OF_Piperun_Stage/MUXCY_I/wb_exception_kind_i_reg[28][0]                                                                | system_i/microblaze_0/U0/MicroBlaze_Core_I/sync_reset                                                                                        |                8 |             32 |
|  system_i/clk_wiz_0/inst/clk_out1                            | system_i/microblaze_0/U0/MicroBlaze_Core_I/Performance.Core/Decode_I/Use_MuxCy[3].OF_Piperun_Stage/MUXCY_I/Using_FPGA.Native_0                                                                           | system_i/microblaze_0/U0/MicroBlaze_Core_I/Performance.Core/Decode_I/R                                                                       |               14 |             32 |
|  system_i/clk_wiz_0/inst/clk_out1                            | system_i/microblaze_0/U0/MicroBlaze_Core_I/Performance.Core/Decode_I/PreFetch_Buffer_I1/Gen_Mux_Select_LUT6[2].Gen_Sel_DFF/Using_FPGA.Native_0[0]                                                        | system_i/microblaze_0/U0/MicroBlaze_Core_I/sync_reset                                                                                        |               10 |             32 |
|  system_i/mdm_1/U0/No_Dbg_Reg_Access.BUFG_DRCK/Ext_JTAG_DRCK | system_i/microblaze_0/U0/MicroBlaze_Core_I/Performance.Core/Use_Debug_Logic.Master_Core.Debug_Perf/New_Dbg_Instr_TCK                                                                                     |                                                                                                                                              |                8 |             32 |
|  system_i/clk_wiz_0/inst/clk_out1                            |                                                                                                                                                                                                          | system_i/microblaze_0/U0/MicroBlaze_Core_I/Performance.Core/p_1_out                                                                          |               11 |             32 |
|  system_i/clk_wiz_0/inst/clk_out1                            |                                                                                                                                                                                                          | system_i/axi_iic_0/U0/X_IIC/REG_INTERFACE_I/cr_i_reg[7]_0                                                                                    |               13 |             41 |
|  system_i/clk_wiz_0/inst/clk_out1                            |                                                                                                                                                                                                          | system_i/axi_iic_0/U0/X_IIC/X_AXI_IPIF_SSP1/X_SOFT_RESET/SR[0]                                                                               |               14 |             42 |
|  system_i/mdm_1/U0/No_Dbg_Reg_Access.BUFG_DRCK/Ext_JTAG_DRCK | system_i/mdm_1/U0/Use_E2.BSCAN_I/Use_BSCAN.PORT_Selector_reg[0]                                                                                                                                          |                                                                                                                                              |               15 |             47 |
|  system_i/csi2_d_phy_rx_0/U0/clock_system_inst/CLK           | system_i/csi2_d_phy_rx_0/U0/dl0_rxvalidhs                                                                                                                                                                |                                                                                                                                              |               12 |             48 |
|  system_i/clk_wiz_0/inst/clk_out1                            | system_i/microblaze_0/U0/MicroBlaze_Core_I/Performance.Core/Decode_I/Use_MuxCy[3].OF_Piperun_Stage/MUXCY_I/Using_FPGA.Native_0                                                                           | system_i/microblaze_0/U0/MicroBlaze_Core_I/sync_reset                                                                                        |               19 |             61 |
|  system_i/clk_wiz_0/inst/clk_out1                            | system_i/microblaze_0/U0/MicroBlaze_Core_I/Performance.Core/Decode_I/PreFetch_Buffer_I1/Instruction_Prefetch_Mux[42].Instr_Mux_MUXF7/IReady_0                                                            |                                                                                                                                              |               10 |             75 |
|  system_i/mdm_1/U0/No_Dbg_Reg_Access.BUFG_DRCK/Ext_JTAG_DRCK |                                                                                                                                                                                                          |                                                                                                                                              |               24 |             80 |
|  system_i/csi2_d_phy_rx_0/U0/clock_system_inst/CLK           |                                                                                                                                                                                                          |                                                                                                                                              |               40 |            121 |
|  system_i/clk_wiz_1/inst/clk_out1                            | system_i/rgb_test_0/inst/num_show/rom_addr1_0                                                                                                                                                            |                                                                                                                                              |               37 |            125 |
|  system_i/clk_wiz_0/inst/clk_out1                            | system_i/microblaze_0/U0/MicroBlaze_Core_I/Performance.Core/Decode_I/Performance_Debug_Control.dbg_state_nohalt_reg[34]                                                                                  |                                                                                                                                              |               16 |            128 |
|  system_i/clk_wiz_0/inst/clk_out1                            |                                                                                                                                                                                                          | system_i/microblaze_0/U0/MicroBlaze_Core_I/sync_reset                                                                                        |               69 |            149 |
|  system_i/clk_wiz_0/inst/clk_out1                            |                                                                                                                                                                                                          |                                                                                                                                              |               72 |            179 |
|  system_i/clk_wiz_1/inst/clk_out1                            |                                                                                                                                                                                                          |                                                                                                                                              |               59 |            210 |
|  system_i/clk_wiz_0/inst/clk_out1                            | system_i/microblaze_0/U0/MicroBlaze_Core_I/Performance.Core/Decode_I/Use_MuxCy[11].OF_Piperun_Stage/MUXCY_I/of_pause_reg                                                                                 | system_i/microblaze_0/U0/MicroBlaze_Core_I/sync_reset                                                                                        |               67 |            218 |
+--------------------------------------------------------------+----------------------------------------------------------------------------------------------------------------------------------------------------------------------------------------------------------+----------------------------------------------------------------------------------------------------------------------------------------------+------------------+----------------+


